{
  "version": "1.5.0",
  "plugins_used": [
    {
      "name": "ArtifactoryDetector"
    },
    {
      "name": "AWSKeyDetector"
    },
    {
      "name": "AzureStorageKeyDetector"
    },
    {
      "name": "Base64HighEntropyString",
      "limit": 4.5
    },
    {
      "name": "BasicAuthDetector"
    },
    {
      "name": "CloudantDetector"
    },
    {
      "name": "DiscordBotTokenDetector"
    },
    {
      "name": "GitHubTokenDetector"
    },
    {
      "name": "GitLabTokenDetector"
    },
    {
      "name": "HexHighEntropyString",
      "limit": 3.0
    },
    {
      "name": "IbmCloudIamDetector"
    },
    {
      "name": "IbmCosHmacDetector"
    },
    {
      "name": "IPPublicDetector"
    },
    {
      "name": "JwtTokenDetector"
    },
    {
      "name": "KeywordDetector",
      "keyword_exclude": ""
    },
    {
      "name": "MailchimpDetector"
    },
    {
      "name": "NpmDetector"
    },
    {
      "name": "OpenAIDetector"
    },
    {
      "name": "PrivateKeyDetector"
    },
    {
      "name": "PypiTokenDetector"
    },
    {
      "name": "SendGridDetector"
    },
    {
      "name": "SlackDetector"
    },
    {
      "name": "SoftlayerDetector"
    },
    {
      "name": "SquareOAuthDetector"
    },
    {
      "name": "StripeDetector"
    },
    {
      "name": "TelegramBotTokenDetector"
    },
    {
      "name": "TwilioKeyDetector"
    }
  ],
  "filters_used": [
    {
      "path": "detect_secrets.filters.allowlist.is_line_allowlisted"
    },
    {
      "path": "detect_secrets.filters.common.is_ignored_due_to_verification_policies",
      "min_level": 2
    },
    {
      "path": "detect_secrets.filters.heuristic.is_indirect_reference"
    },
    {
      "path": "detect_secrets.filters.heuristic.is_likely_id_string"
    },
    {
      "path": "detect_secrets.filters.heuristic.is_lock_file"
    },
    {
      "path": "detect_secrets.filters.heuristic.is_not_alphanumeric_string"
    },
    {
      "path": "detect_secrets.filters.heuristic.is_potential_uuid"
    },
    {
      "path": "detect_secrets.filters.heuristic.is_prefixed_with_dollar_sign"
    },
    {
      "path": "detect_secrets.filters.heuristic.is_sequential_string"
    },
    {
      "path": "detect_secrets.filters.heuristic.is_swagger_file"
    },
    {
      "path": "detect_secrets.filters.heuristic.is_templated_secret"
    }
  ],
  "results": {
    ".github/workflows/ci.yml": [
      {
        "type": "Secret Keyword",
        "filename": ".github/workflows/ci.yml",
        "hashed_secret": "674fd77c4a3bdbe5a699d4277e18ab30a083858e",
        "is_verified": false,
        "line_number": 109
      },
      {
        "type": "Base64 High Entropy String",
        "filename": ".github/workflows/ci.yml",
        "hashed_secret": "aa962724e47840cbef310037c4fbe7451f964d50",
        "is_verified": false,
        "line_number": 109
      }
    ],
    ".github/workflows/nightly.yml": [
      {
        "type": "Secret Keyword",
        "filename": ".github/workflows/nightly.yml",
        "hashed_secret": "cbfdac6008f9cab4083784cbd1874f76618d2a97",
        "is_verified": false,
        "line_number": 97
      }
    ],
    "CLAUDE.md": [
      {
        "type": "Secret Keyword",
        "filename": "CLAUDE.md",
        "hashed_secret": "80c3eb3a746f82974a9696275d8b52a37fba449b",
        "is_verified": false,
        "line_number": 206
      },
      {
        "type": "Secret Keyword",
        "filename": "CLAUDE.md",
        "hashed_secret": "42e611db283124a549256c20aba61e94d8c1c630",
        "is_verified": false,
        "line_number": 241
      }
    ],
    "gtd_coach/agent/__init__.py": [
      {
        "type": "Secret Keyword",
        "filename": "gtd_coach/agent/__init__.py",
        "hashed_secret": "80c3eb3a746f82974a9696275d8b52a37fba449b",
        "is_verified": false,
        "line_number": 84
      }
    ],
    "gtd_coach/agent/core.py": [
      {
        "type": "Secret Keyword",
        "filename": "gtd_coach/agent/core.py",
        "hashed_secret": "b5c2827eb65bf13b87130e7e3c424ba9ff07cd67",
        "is_verified": false,
        "line_number": 106
      }
    ],
    "gtd_coach/coach.py": [
      {
        "type": "Secret Keyword",
        "filename": "gtd_coach/coach.py",
        "hashed_secret": "80c3eb3a746f82974a9696275d8b52a37fba449b",
        "is_verified": false,
        "line_number": 248
      }
    ],
    "gtd_coach/commands/daily_capture.py": [
      {
        "type": "Secret Keyword",
        "filename": "gtd_coach/commands/daily_capture.py",
        "hashed_secret": "80c3eb3a746f82974a9696275d8b52a37fba449b",
        "is_verified": false,
        "line_number": 113
      }
    ],
    "gtd_coach/commands/daily_capture_legacy.py": [
      {
        "type": "Secret Keyword",
        "filename": "gtd_coach/commands/daily_capture_legacy.py",
        "hashed_secret": "80c3eb3a746f82974a9696275d8b52a37fba449b",
        "is_verified": false,
        "line_number": 113
      }
    ],
    "gtd_coach/evaluation/post_session.py": [
      {
        "type": "Secret Keyword",
        "filename": "gtd_coach/evaluation/post_session.py",
        "hashed_secret": "80c3eb3a746f82974a9696275d8b52a37fba449b",
        "is_verified": false,
        "line_number": 91
      }
    ],
    "gtd_coach/integrations/langfuse.py": [
      {
        "type": "Secret Keyword",
        "filename": "gtd_coach/integrations/langfuse.py",
        "hashed_secret": "80c3eb3a746f82974a9696275d8b52a37fba449b",
        "is_verified": false,
        "line_number": 49
      },
      {
        "type": "Secret Keyword",
        "filename": "gtd_coach/integrations/langfuse.py",
        "hashed_secret": "42e611db283124a549256c20aba61e94d8c1c630",
        "is_verified": false,
        "line_number": 180
      }
    ],
    "pytest.ini": [
      {
        "type": "Secret Keyword",
        "filename": "pytest.ini",
        "hashed_secret": "22bb3f7444fa70f690ea988a48320e5f3248644b",
        "is_verified": false,
        "line_number": 27
      }
    ],
    "scripts/langfuse/add_langfuse_to_graphiti.py": [
      {
        "type": "Secret Keyword",
        "filename": "scripts/langfuse/add_langfuse_to_graphiti.py",
        "hashed_secret": "22ca288bf9046fa4301d3736c7bb28155e6603d8",
        "is_verified": false,
        "line_number": 175
      }
    ],
    "scripts/testing/run_tests_real_apis.py": [
      {
        "type": "Secret Keyword",
        "filename": "scripts/testing/run_tests_real_apis.py",
        "hashed_secret": "d8d8a9a0102fb83230f316cf393fa28e79fca680",
        "is_verified": false,
        "line_number": 45
      },
      {
        "type": "Secret Keyword",
        "filename": "scripts/testing/run_tests_real_apis.py",
        "hashed_secret": "3ec29fc048dea366196b5f9b469dcf662b947221",
        "is_verified": false,
        "line_number": 47
      },
      {
        "type": "Secret Keyword",
        "filename": "scripts/testing/run_tests_real_apis.py",
        "hashed_secret": "c79f8e5260e428c7ed5199ec83119368aedbe226",
        "is_verified": false,
        "line_number": 48
      },
      {
        "type": "Secret Keyword",
        "filename": "scripts/testing/run_tests_real_apis.py",
        "hashed_secret": "29d4399dc0ae4ace4be316e189a12858e39a750d",
        "is_verified": false,
        "line_number": 55
      }
    ],
    "tests/agent/test_integration.py": [
      {
        "type": "Secret Keyword",
        "filename": "tests/agent/test_integration.py",
        "hashed_secret": "e9a5f12a8ecbb3eb46eca5096b5c52aa5e7c9fdd",
        "is_verified": false,
        "line_number": 257
      },
      {
        "type": "Secret Keyword",
        "filename": "tests/agent/test_integration.py",
        "hashed_secret": "80c3eb3a746f82974a9696275d8b52a37fba449b",
        "is_verified": false,
        "line_number": 273
      }
    ],
    "tests/agent/test_workflow.py": [
      {
        "type": "Secret Keyword",
        "filename": "tests/agent/test_workflow.py",
        "hashed_secret": "00942f4668670f34c5943cf52c7ef3139fe2b8d6",
        "is_verified": false,
        "line_number": 80
      },
      {
        "type": "Secret Keyword",
        "filename": "tests/agent/test_workflow.py",
        "hashed_secret": "c94d65f02a652d11c2e5c2e1ccf38dce5a076e1e",
        "is_verified": false,
        "line_number": 120
      }
    ],
    "tests/integration/test_e2e_trace_linking.py": [
      {
        "type": "Secret Keyword",
        "filename": "tests/integration/test_e2e_trace_linking.py",
        "hashed_secret": "80c3eb3a746f82974a9696275d8b52a37fba449b",
        "is_verified": false,
        "line_number": 204
      }
    ],
    "tests/integration/test_llm_integration.py": [
      {
        "type": "Secret Keyword",
        "filename": "tests/integration/test_llm_integration.py",
        "hashed_secret": "b5c2827eb65bf13b87130e7e3c424ba9ff07cd67",
        "is_verified": false,
        "line_number": 20
      }
    ],
    "tests/integration/test_workflow_with_interrupts.py": [
      {
        "type": "Secret Keyword",
        "filename": "tests/integration/test_workflow_with_interrupts.py",
        "hashed_secret": "00942f4668670f34c5943cf52c7ef3139fe2b8d6",
        "is_verified": false,
        "line_number": 258
      },
      {
        "type": "Secret Keyword",
        "filename": "tests/integration/test_workflow_with_interrupts.py",
        "hashed_secret": "9fb7fe1217aed442b04c0f5e43b5d5a7d3287097",
        "is_verified": false,
        "line_number": 306
      }
    ],
    "tests/unit/test_helpers.py": [
      {
        "type": "Secret Keyword",
        "filename": "tests/unit/test_helpers.py",
        "hashed_secret": "d4e0e04792fd434b5dc9c4155c178f66edcf4ed3",
        "is_verified": false,
        "line_number": 190
      }
    ],
    "tests/unit/test_prompt_management.py": [
      {
        "type": "Secret Keyword",
        "filename": "tests/unit/test_prompt_management.py",
        "hashed_secret": "80c3eb3a746f82974a9696275d8b52a37fba449b",
        "is_verified": false,
        "line_number": 299
      }
    ]
  },
  "generated_at": "2025-08-13T10:23:33Z"
}
